\BOOKMARK [1][-]{section.0.1}{\376\377\000E\000x\000p\000e\000r\000i\000m\000e\000n\000t\000a\000l\000\040\000E\000v\000i\000d\000e\000n\000c\000e\000\040\000O\000v\000e\000r\000v\000i\000e\000w}{}% 1
\BOOKMARK [2][-]{subsection.0.1.1}{\376\377\000C\000l\000a\000s\000s\000i\000f\000i\000c\000a\000t\000i\000o\000n\000\040\000E\000v\000i\000d\000e\000n\000c\000e}{section.0.1}% 2
\BOOKMARK [2][-]{subsection.0.1.2}{\376\377\000S\000e\000g\000m\000e\000n\000t\000a\000t\000i\000o\000n\000\040\000E\000v\000i\000d\000e\000n\000c\000e}{section.0.1}% 3
\BOOKMARK [2][-]{subsection.0.1.3}{\376\377\000M\000o\000b\000i\000l\000e\000-\000D\000e\000p\000l\000o\000y\000m\000e\000n\000t\000\040\000E\000v\000i\000d\000e\000n\000c\000e}{section.0.1}% 4
\BOOKMARK [2][-]{subsection.0.1.4}{\376\377\000E\000v\000i\000d\000e\000n\000c\000e\000\040\000P\000r\000o\000v\000e\000n\000a\000n\000c\000e\000\040\000a\000n\000d\000\040\000L\000i\000m\000i\000t\000a\000t\000i\000o\000n\000s}{section.0.1}% 5
\BOOKMARK [1][-]{section.0.2}{\376\377\000D\000a\000t\000a\000s\000e\000t\000\040\000C\000o\000m\000p\000o\000s\000i\000t\000i\000o\000n\000\040\000a\000n\000d\000\040\000E\000v\000a\000l\000u\000a\000t\000i\000o\000n\000\040\000P\000a\000r\000t\000i\000t\000i\000o\000n\000s}{}% 6
\BOOKMARK [2][-]{subsection.0.2.1}{\376\377\000S\000D\000I\000-\0004\000\040\000C\000l\000a\000s\000s\000i\000f\000i\000c\000a\000t\000i\000o\000n\000\040\000D\000a\000t\000a\000s\000e\000t}{section.0.2}% 7
\BOOKMARK [2][-]{subsection.0.2.2}{\376\377\000E\000X\000T\000-\0003\000-\000O\000r\000i\000g\000i\000n\000a\000l\000\040\000D\000a\000t\000a\000s\000e\000t}{section.0.2}% 8
\BOOKMARK [2][-]{subsection.0.2.3}{\376\377\000I\000n\000t\000e\000g\000r\000a\000t\000e\000d\000\040\000S\000D\000I\000-\0004\000\040\000+\000\040\000E\000X\000T\000-\0003\000-\000O\000r\000i\000g\000i\000n\000a\000l\000\040\000D\000a\000t\000a\000s\000e\000t}{section.0.2}% 9
\BOOKMARK [2][-]{subsection.0.2.4}{\376\377\000S\000e\000g\000m\000e\000n\000t\000a\000t\000i\000o\000n\000\040\000D\000a\000t\000a\000s\000e\000t}{section.0.2}% 10
\BOOKMARK [1][-]{section.0.3}{\376\377\000C\000l\000a\000s\000s\000i\000f\000i\000c\000a\000t\000i\000o\000n\000\040\000B\000a\000s\000e\000l\000i\000n\000e\000\040\000S\000c\000r\000e\000e\000n\000i\000n\000g}{}% 11
\BOOKMARK [2][-]{subsection.0.3.1}{\376\377\000Y\000O\000L\000O\000-\000C\000l\000s\000\040\000B\000a\000s\000e\000l\000i\000n\000e}{section.0.3}% 12
\BOOKMARK [2][-]{subsection.0.3.2}{\376\377\000T\000I\000M\000M\000\040\000B\000a\000s\000e\000l\000i\000n\000e}{section.0.3}% 13
\BOOKMARK [2][-]{subsection.0.3.3}{\376\377\000B\000a\000s\000e\000l\000i\000n\000e\000\040\000S\000e\000l\000e\000c\000t\000i\000o\000n\000\040\000S\000u\000m\000m\000a\000r\000y}{section.0.3}% 14
\BOOKMARK [1][-]{section.0.4}{\376\377\000M\000a\000i\000n\000\040\000C\000l\000a\000s\000s\000i\000f\000i\000c\000a\000t\000i\000o\000n\000\040\000P\000e\000r\000f\000o\000r\000m\000a\000n\000c\000e}{}% 15
\BOOKMARK [2][-]{subsection.0.4.1}{\376\377\000T\000r\000a\000i\000n\000i\000n\000g\000\040\000C\000o\000n\000f\000i\000g\000u\000r\000a\000t\000i\000o\000n}{section.0.4}% 16
\BOOKMARK [2][-]{subsection.0.4.2}{\376\377\000P\000r\000i\000m\000a\000r\000y\000\040\000R\000e\000s\000u\000l\000t\000s}{section.0.4}% 17
\BOOKMARK [2][-]{subsection.0.4.3}{\376\377\000P\000e\000r\000-\000C\000l\000a\000s\000s\000\040\000A\000n\000a\000l\000y\000s\000i\000s}{section.0.4}% 18
\BOOKMARK [2][-]{subsection.0.4.4}{\376\377\000M\000o\000d\000e\000l\000\040\000C\000a\000p\000a\000c\000i\000t\000y\000\040\000a\000n\000d\000\040\000F\000o\000o\000t\000p\000r\000i\000n\000t}{section.0.4}% 19
\BOOKMARK [1][-]{section.0.5}{\376\377\000C\000l\000a\000s\000s\000i\000f\000i\000c\000a\000t\000i\000o\000n\000\040\000C\000o\000m\000p\000o\000n\000e\000n\000t\000\040\000A\000n\000a\000l\000y\000s\000i\000s}{}% 20
\BOOKMARK [2][-]{subsection.0.5.1}{\376\377\000A\000r\000c\000h\000i\000t\000e\000c\000t\000u\000r\000e\000\040\000D\000e\000t\000a\000i\000l\000s}{section.0.5}% 21
\BOOKMARK [2][-]{subsection.0.5.2}{\376\377\000C\000o\000m\000p\000o\000n\000e\000n\000t\000\040\000A\000b\000l\000a\000t\000i\000o\000n}{section.0.5}% 22
\BOOKMARK [1][-]{section.0.6}{\376\377\000C\000l\000a\000s\000s\000i\000f\000i\000c\000a\000t\000i\000o\000n\000\040\000E\000r\000r\000o\000r\000\040\000A\000n\000a\000l\000y\000s\000i\000s}{}% 23
\BOOKMARK [2][-]{subsection.0.6.1}{\376\377\000C\000o\000n\000f\000u\000s\000i\000o\000n\000\040\000P\000a\000t\000t\000e\000r\000n}{section.0.6}% 24
\BOOKMARK [2][-]{subsection.0.6.2}{\376\377\000E\000r\000r\000o\000r\000\040\000R\000e\000d\000u\000c\000t\000i\000o\000n}{section.0.6}% 25
\BOOKMARK [1][-]{section.0.7}{\376\377\000C\000l\000a\000s\000s\000i\000f\000i\000c\000a\000t\000i\000o\000n\000\040\000R\000o\000b\000u\000s\000t\000n\000e\000s\000s}{}% 26
\BOOKMARK [2][-]{subsection.0.7.1}{\376\377\000D\000a\000t\000a\000\040\000A\000u\000g\000m\000e\000n\000t\000a\000t\000i\000o\000n\000\040\000S\000e\000n\000s\000i\000t\000i\000v\000i\000t\000y}{section.0.7}% 27
\BOOKMARK [2][-]{subsection.0.7.2}{\376\377\000I\000n\000f\000e\000r\000e\000n\000c\000e\000\040\000R\000o\000b\000u\000s\000t\000n\000e\000s\000s}{section.0.7}% 28
\BOOKMARK [1][-]{section.0.8}{\376\377\000A\000d\000d\000i\000t\000i\000o\000n\000a\000l\000-\000S\000o\000u\000r\000c\000e\000\040\000a\000n\000d\000\040\000I\000n\000t\000e\000g\000r\000a\000t\000e\000d\000\040\000E\000v\000a\000l\000u\000a\000t\000i\000o\000n}{}% 29
\BOOKMARK [2][-]{subsection.0.8.1}{\376\377\000E\000X\000T\000-\0003\000-\000O\000r\000i\000g\000i\000n\000a\000l\000\040\000P\000e\000r\000f\000o\000r\000m\000a\000n\000c\000e}{section.0.8}% 30
\BOOKMARK [2][-]{subsection.0.8.2}{\376\377\000I\000n\000t\000e\000g\000r\000a\000t\000e\000d\000\040\000S\000D\000I\000-\0004\000\040\000+\000\040\000E\000X\000T\000-\0003\000-\000O\000r\000i\000g\000i\000n\000a\000l\000\040\000P\000e\000r\000f\000o\000r\000m\000a\000n\000c\000e}{section.0.8}% 31
\BOOKMARK [2][-]{subsection.0.8.3}{\376\377\000D\000i\000s\000c\000u\000s\000s\000i\000o\000n\000\040\000o\000f\000\040\000t\000h\000e\000\040\000N\000e\000g\000a\000t\000i\000v\000e\000\040\000I\000n\000t\000e\000g\000r\000a\000t\000e\000d\000\040\000R\000e\000s\000u\000l\000t}{section.0.8}% 32
\BOOKMARK [1][-]{section.0.9}{\376\377\000E\000x\000p\000l\000a\000i\000n\000a\000b\000i\000l\000i\000t\000y\000\040\000A\000n\000a\000l\000y\000s\000i\000s}{}% 33
\BOOKMARK [2][-]{subsection.0.9.1}{\376\377\000A\000t\000t\000e\000n\000t\000i\000o\000n\000\040\000V\000i\000s\000u\000a\000l\000i\000s\000a\000t\000i\000o\000n}{section.0.9}% 34
\BOOKMARK [2][-]{subsection.0.9.2}{\376\377\000L\000i\000m\000i\000t\000a\000t\000i\000o\000n\000s}{section.0.9}% 35
\BOOKMARK [1][-]{section.0.10}{\376\377\000S\000e\000g\000m\000e\000n\000t\000a\000t\000i\000o\000n\000\040\000B\000a\000s\000e\000l\000i\000n\000e\000s\000\040\000a\000n\000d\000\040\000L\000e\000a\000k\000a\000g\000e\000\040\000A\000n\000a\000l\000y\000s\000i\000s}{}% 36
\BOOKMARK [2][-]{subsection.0.10.1}{\376\377\000B\000a\000s\000e\000l\000i\000n\000e\000\040\000Y\000O\000L\000O\0001\0001\000n\000-\000S\000e\000g}{section.0.10}% 37
\BOOKMARK [2][-]{subsection.0.10.2}{\376\377\000L\000e\000a\000k\000a\000g\000e\000\040\000C\000o\000n\000s\000i\000d\000e\000r\000a\000t\000i\000o\000n}{section.0.10}% 38
\BOOKMARK [2][-]{subsection.0.10.3}{\376\377\000B\000a\000s\000e\000l\000i\000n\000e\000\040\000R\000e\000s\000u\000l\000t\000s}{section.0.10}% 39
\BOOKMARK [1][-]{section.0.11}{\376\377\000A\000t\000t\000e\000n\000t\000i\000o\000n\000-\000B\000a\000s\000e\000d\000\040\000S\000e\000g\000m\000e\000n\000t\000a\000t\000i\000o\000n}{}% 40
\BOOKMARK [2][-]{subsection.0.11.1}{\376\377\000A\000t\000t\000e\000n\000t\000i\000o\000n\000\040\000V\000a\000r\000i\000a\000n\000t\000s}{section.0.11}% 41
\BOOKMARK [2][-]{subsection.0.11.2}{\376\377\000R\000e\000s\000u\000l\000t\000s}{section.0.11}% 42
\BOOKMARK [1][-]{section.0.12}{\376\377\000F\000o\000u\000r\000i\000e\000r\000-\000D\000o\000m\000a\000i\000n\000\040\000S\000e\000g\000m\000e\000n\000t\000a\000t\000i\000o\000n}{}% 43
\BOOKMARK [2][-]{subsection.0.12.1}{\376\377\000M\000o\000t\000i\000v\000a\000t\000i\000o\000n}{section.0.12}% 44
\BOOKMARK [2][-]{subsection.0.12.2}{\376\377\000R\000e\000s\000u\000l\000t\000s}{section.0.12}% 45
\BOOKMARK [1][-]{section.0.13}{\376\377\000S\000e\000g\000m\000e\000n\000t\000a\000t\000i\000o\000n\000\040\000R\000o\000b\000u\000s\000t\000n\000e\000s\000s\000\040\000a\000n\000d\000\040\000F\000a\000i\000l\000u\000r\000e\000\040\000A\000n\000a\000l\000y\000s\000i\000s}{}% 46
\BOOKMARK [2][-]{subsection.0.13.1}{\376\377\000K\000n\000o\000w\000n\000\040\000F\000a\000i\000l\000u\000r\000e\000\040\000M\000o\000d\000e\000s}{section.0.13}% 47
\BOOKMARK [2][-]{subsection.0.13.2}{\376\377\000O\000p\000e\000r\000a\000t\000i\000o\000n\000a\000l\000\040\000I\000m\000p\000l\000i\000c\000a\000t\000i\000o\000n\000s}{section.0.13}% 48
\BOOKMARK [1][-]{section.0.14}{\376\377\000M\000o\000b\000i\000l\000e\000\040\000D\000e\000p\000l\000o\000y\000m\000e\000n\000t}{}% 49
\BOOKMARK [2][-]{subsection.0.14.1}{\376\377\000T\000F\000L\000i\000t\000e\000\040\000C\000o\000n\000v\000e\000r\000s\000i\000o\000n}{section.0.14}% 50
\BOOKMARK [2][-]{subsection.0.14.2}{\376\377\000G\000P\000U\000\040\000I\000n\000f\000e\000r\000e\000n\000c\000e\000\040\000\050\000K\000a\000g\000g\000l\000e\000\040\000T\0004\000\051}{section.0.14}% 51
\BOOKMARK [2][-]{subsection.0.14.3}{\376\377\000L\000i\000m\000i\000t\000a\000t\000i\000o\000n\000s}{section.0.14}% 52
\BOOKMARK [1][-]{section.0.15}{\376\377\000I\000n\000t\000e\000g\000r\000a\000t\000e\000d\000\040\000D\000i\000s\000c\000u\000s\000s\000i\000o\000n}{}% 53
\BOOKMARK [2][-]{subsection.0.15.1}{\376\377\000C\000l\000a\000s\000s\000i\000f\000i\000c\000a\000t\000i\000o\000n\000\040\000S\000u\000m\000m\000a\000r\000y}{section.0.15}% 54
\BOOKMARK [2][-]{subsection.0.15.2}{\376\377\000S\000e\000g\000m\000e\000n\000t\000a\000t\000i\000o\000n\000\040\000S\000u\000m\000m\000a\000r\000y}{section.0.15}% 55
\BOOKMARK [2][-]{subsection.0.15.3}{\376\377\000T\000o\000w\000a\000r\000d\000\040\000a\000n\000\040\000I\000n\000t\000e\000g\000r\000a\000t\000e\000d\000\040\000S\000y\000s\000t\000e\000m}{section.0.15}% 56
\BOOKMARK [1][-]{section.0.16}{\376\377\000T\000h\000r\000e\000a\000t\000s\000\040\000t\000o\000\040\000V\000a\000l\000i\000d\000i\000t\000y}{}% 57
\BOOKMARK [2][-]{subsection.0.16.1}{\376\377\000I\000n\000t\000e\000r\000n\000a\000l\000\040\000V\000a\000l\000i\000d\000i\000t\000y}{section.0.16}% 58
\BOOKMARK [2][-]{subsection.0.16.2}{\376\377\000E\000x\000t\000e\000r\000n\000a\000l\000\040\000V\000a\000l\000i\000d\000i\000t\000y}{section.0.16}% 59
\BOOKMARK [2][-]{subsection.0.16.3}{\376\377\000C\000o\000n\000s\000t\000r\000u\000c\000t\000\040\000V\000a\000l\000i\000d\000i\000t\000y}{section.0.16}% 60
\BOOKMARK [1][-]{section.0.17}{\376\377\000R\000e\000c\000o\000m\000m\000e\000n\000d\000a\000t\000i\000o\000n\000s}{}% 61
\BOOKMARK [2][-]{subsection.0.17.1}{\376\377\000M\000e\000t\000h\000o\000d\000o\000l\000o\000g\000i\000c\000a\000l\000\040\000E\000x\000t\000e\000n\000s\000i\000o\000n\000s}{section.0.17}% 62
\BOOKMARK [2][-]{subsection.0.17.2}{\376\377\000C\000o\000v\000e\000r\000a\000g\000e\000\040\000E\000x\000p\000a\000n\000s\000i\000o\000n}{section.0.17}% 63
\BOOKMARK [2][-]{subsection.0.17.3}{\376\377\000V\000a\000l\000i\000d\000a\000t\000i\000o\000n}{section.0.17}% 64
\BOOKMARK [1][-]{section.0.18}{\376\377\000P\000e\000r\000s\000o\000n\000a\000l\000\040\000R\000e\000f\000l\000e\000c\000t\000i\000o\000n}{}% 65
