Ultralytics 8.4.75 🚀 Python-3.12.13 torch-2.12.1+cu126 CUDA:0 (NVIDIA GeForce RTX 4090, 24072MiB)
YOLO11s summary (fused): 101 layers, 9,413,574 parameters, 0 gradients, 21.3 GFLOPs
[34m[1mval: [0mFast image access ✅ (ping: 0.0±0.0 ms, read: 821.2±240.7 MB/s, size: 366.9 KB)
[K[34m[1mval: [0mScanning /home/drnguyenvinh/notebooks/shrimp_yolo_canonical_bg_wssv_2cls_split70_15_15/labels/test.cache... 111 images, 0 backgrounds, 0 corrupt: 100% ━━━━━━━━━━━━ 111/111 38.8Mit/s 0.0s
[K                 Class     Images  Instances      Box(P          R      mAP50  mAP50-95): 5% ╸─────────── 6/111 16.8it/s 0.1s<6.3s
[K                 Class     Images  Instances      Box(P          R      mAP50  mAP50-95): 12% ━╸────────── 14/111 34.8it/s 0.2s<2.8s
[K                 Class     Images  Instances      Box(P          R      mAP50  mAP50-95): 18% ━━────────── 21/111 44.7it/s 0.3s<2.0s
[K                 Class     Images  Instances      Box(P          R      mAP50  mAP50-95): 25% ━━━───────── 28/111 52.0it/s 0.4s<1.6s
[K                 Class     Images  Instances      Box(P          R      mAP50  mAP50-95): 31% ━━━╸──────── 35/111 57.1it/s 0.5s<1.3s
[K                 Class     Images  Instances      Box(P          R      mAP50  mAP50-95): 37% ━━━─────── 42/111 61.0it/s 0.6s<1.1s
[K                 Class     Images  Instances      Box(P          R      mAP50  mAP50-95): 45% ━━━━━─────── 50/111 64.2it/s 0.7s<1.0s
[K                 Class     Images  Instances      Box(P          R      mAP50  mAP50-95): 52% ━━━━━━━──── 58/111 66.8it/s 0.8s<0.8s
[K                 Class     Images  Instances      Box(P          R      mAP50  mAP50-95): 58% ━━━━━━━━━── 65/111 67.8it/s 0.9s<0.7s
[K                 Class     Images  Instances      Box(P          R      mAP50  mAP50-95): 65% ━━━━━━━╸──── 73/111 69.1it/s 1.0s<0.6s
[K                 Class     Images  Instances      Box(P          R      mAP50  mAP50-95): 72% ━━━━━━━━━╸── 80/111 69.1it/s 1.2s<0.5s
[K                 Class     Images  Instances      Box(P          R      mAP50  mAP50-95): 79% ━━━━━━━━━━╸── 88/111 68.4it/s 1.3s<0.3s
[K                 Class     Images  Instances      Box(P          R      mAP50  mAP50-95): 86% ━━━━━━━━━━━── 96/111 69.0it/s 1.4s<0.2s
[K                 Class     Images  Instances      Box(P          R      mAP50  mAP50-95): 92% ━━━━━━━━━━━╸ 103/111 68.7it/s 1.5s<0.1s
[K                 Class     Images  Instances      Box(P          R      mAP50  mAP50-95): 99% ━━━━━━━━━━━━ 110/111 69.1it/s 1.6s<0.0s
[K                 Class     Images  Instances      Box(P          R      mAP50  mAP50-95): 100% ━━━━━━━━━━━━━ 111/111 69.2it/s 1.6s
                   all        111        918      0.204       0.25      0.144     0.0415
Speed: 1.0ms preprocess, 6.9ms inference, 0.0ms loss, 0.6ms postprocess per image
{"mAP50": 0.14418131018074604, "mAP50_95": 0.0414657850886188, "mAP75": 0.010973000005464048, "precision": 0.204284828227624, "recall": 0.24979807226320608, "AP_BG_mAP50_95": 0.044768038291569244, "AP_WSSV_mAP50_95": 0.03816353188566835, "speed": {"preprocess": 0.9646395226006569, "inference": 6.922681864871101, "loss": 0.002687909907943502, "postprocess": 0.5996131711989628}, "model_path": "/home/drnguyenvinh/notebooks/shrimp_yolo11s_full_method_zoo/baseline_reuse_lock/yolo11s_baseline_best.pt", "data_yaml": "/home/drnguyenvinh/notebooks/recsra_mobile10_output_rtx4090/resolved_clean_data.yaml", "cuda_visible_devices": "0"}
